stm32wlxx_ll_rcc.h:1972:22:LL_RCC_SetClkAfterWakeFromStop	16	static
stm32wlxx_ll_bus.h:449:22:LL_AHB2_GRP1_EnableClock	24	static
main.c:80:5:main	8	static
main.c:286:6:SystemClock_Config	112	static
main.c:326:13:MX_I2C1_Init	8	static
main.c:375:13:MX_GPIO_Init	8	static
main.c:398:6:HAL_I2C_SlaveTxCpltCallback	16	static
main.c:430:6:HAL_I2C_SlaveRxCpltCallback	16	static
main.c:462:6:HAL_I2C_ErrorCallback	16	static
main.c:486:13:EXTI23_Enable_IT	32	static
main.c:502:17:Buffercmp	24	static
main.c:522:6:Error_Handler	8	static
