Archive member included to satisfy reference by file (symbol)

k:/stm32cube/stm32cubeide_1.7.0/stm32cubeide/plugins/com.st.stm32cube.ide.mcu.externaltools.gnu-tools-for-stm32.9-2020-q2-update.win32_2.0.0.202105311346/tools/bin/../lib/gcc/arm-none-eabi/9.3.1/../../../../arm-none-eabi/lib/thumb/v7e-m/nofp\libc_nano.a(lib_a-errno.o)
                              ./Application/User/syscalls.o (__errno)
k:/stm32cube/stm32cubeide_1.7.0/stm32cubeide/plugins/com.st.stm32cube.ide.mcu.externaltools.gnu-tools-for-stm32.9-2020-q2-update.win32_2.0.0.202105311346/tools/bin/../lib/gcc/arm-none-eabi/9.3.1/../../../../arm-none-eabi/lib/thumb/v7e-m/nofp\libc_nano.a(lib_a-exit.o)
                              k:/stm32cube/stm32cubeide_1.7.0/stm32cubeide/plugins/com.st.stm32cube.ide.mcu.externaltools.gnu-tools-for-stm32.9-2020-q2-update.win32_2.0.0.202105311346/tools/bin/../lib/gcc/arm-none-eabi/9.3.1/../../../../arm-none-eabi/lib/thumb/v7e-m/nofp/crt0.o (exit)
k:/stm32cube/stm32cubeide_1.7.0/stm32cubeide/plugins/com.st.stm32cube.ide.mcu.externaltools.gnu-tools-for-stm32.9-2020-q2-update.win32_2.0.0.202105311346/tools/bin/../lib/gcc/arm-none-eabi/9.3.1/../../../../arm-none-eabi/lib/thumb/v7e-m/nofp\libc_nano.a(lib_a-impure.o)
                              k:/stm32cube/stm32cubeide_1.7.0/stm32cubeide/plugins/com.st.stm32cube.ide.mcu.externaltools.gnu-tools-for-stm32.9-2020-q2-update.win32_2.0.0.202105311346/tools/bin/../lib/gcc/arm-none-eabi/9.3.1/../../../../arm-none-eabi/lib/thumb/v7e-m/nofp\libc_nano.a(lib_a-exit.o) (_global_impure_ptr)
k:/stm32cube/stm32cubeide_1.7.0/stm32cubeide/plugins/com.st.stm32cube.ide.mcu.externaltools.gnu-tools-for-stm32.9-2020-q2-update.win32_2.0.0.202105311346/tools/bin/../lib/gcc/arm-none-eabi/9.3.1/../../../../arm-none-eabi/lib/thumb/v7e-m/nofp\libc_nano.a(lib_a-init.o)
                              k:/stm32cube/stm32cubeide_1.7.0/stm32cubeide/plugins/com.st.stm32cube.ide.mcu.externaltools.gnu-tools-for-stm32.9-2020-q2-update.win32_2.0.0.202105311346/tools/bin/../lib/gcc/arm-none-eabi/9.3.1/../../../../arm-none-eabi/lib/thumb/v7e-m/nofp/crt0.o (__libc_init_array)
k:/stm32cube/stm32cubeide_1.7.0/stm32cubeide/plugins/com.st.stm32cube.ide.mcu.externaltools.gnu-tools-for-stm32.9-2020-q2-update.win32_2.0.0.202105311346/tools/bin/../lib/gcc/arm-none-eabi/9.3.1/../../../../arm-none-eabi/lib/thumb/v7e-m/nofp\libc_nano.a(lib_a-memset.o)
                              k:/stm32cube/stm32cubeide_1.7.0/stm32cubeide/plugins/com.st.stm32cube.ide.mcu.externaltools.gnu-tools-for-stm32.9-2020-q2-update.win32_2.0.0.202105311346/tools/bin/../lib/gcc/arm-none-eabi/9.3.1/../../../../arm-none-eabi/lib/thumb/v7e-m/nofp/crt0.o (memset)

Allocating common symbols
Common symbol       size              file

hi2c1               0x4c              ./Application/User/main.o
uwTick              0x4               ./Drivers/STM32WLxx_HAL_Driver/stm32wlxx_hal.o
hpb_exti            0x18              ./Drivers/BSP/STM32WLxx_Nucleo/stm32wlxx_nucleo.o
aRxBuffer           0xd8              ./Application/User/main.o

Discarded input sections

 .text          0x0000000000000000        0x0 k:/stm32cube/stm32cubeide_1.7.0/stm32cubeide/plugins/com.st.stm32cube.ide.mcu.externaltools.gnu-tools-for-stm32.9-2020-q2-update.win32_2.0.0.202105311346/tools/bin/../lib/gcc/arm-none-eabi/9.3.1/thumb/v7e-m/nofp/crti.o
 .data          0x0000000000000000        0x0 k:/stm32cube/stm32cubeide_1.7.0/stm32cubeide/plugins/com.st.stm32cube.ide.mcu.externaltools.gnu-tools-for-stm32.9-2020-q2-update.win32_2.0.0.202105311346/tools/bin/../lib/gcc/arm-none-eabi/9.3.1/thumb/v7e-m/nofp/crti.o
 .bss           0x0000000000000000        0x0 k:/stm32cube/stm32cubeide_1.7.0/stm32cubeide/plugins/com.st.stm32cube.ide.mcu.externaltools.gnu-tools-for-stm32.9-2020-q2-update.win32_2.0.0.202105311346/tools/bin/../lib/gcc/arm-none-eabi/9.3.1/thumb/v7e-m/nofp/crti.o
 .data          0x0000000000000000        0x4 k:/stm32cube/stm32cubeide_1.7.0/stm32cubeide/plugins/com.st.stm32cube.ide.mcu.externaltools.gnu-tools-for-stm32.9-2020-q2-update.win32_2.0.0.202105311346/tools/bin/../lib/gcc/arm-none-eabi/9.3.1/thumb/v7e-m/nofp/crtbegin.o
 .text          0x0000000000000000       0x7c k:/stm32cube/stm32cubeide_1.7.0/stm32cubeide/plugins/com.st.stm32cube.ide.mcu.externaltools.gnu-tools-for-stm32.9-2020-q2-update.win32_2.0.0.202105311346/tools/bin/../lib/gcc/arm-none-eabi/9.3.1/../../../../arm-none-eabi/lib/thumb/v7e-m/nofp/crt0.o
 .data          0x0000000000000000        0x0 k:/stm32cube/stm32cubeide_1.7.0/stm32cubeide/plugins/com.st.stm32cube.ide.mcu.externaltools.gnu-tools-for-stm32.9-2020-q2-update.win32_2.0.0.202105311346/tools/bin/../lib/gcc/arm-none-eabi/9.3.1/../../../../arm-none-eabi/lib/thumb/v7e-m/nofp/crt0.o
[...]
Memory Configuration

Name             Origin             Length             Attributes
ROM              0x0000000008000000 0x0000000000040000 xr
RAM1             0x0000000020000000 0x0000000000008000 xrw
RAM2             0x0000000020008000 0x0000000000008000 xrw
*default*        0x0000000000000000 0xffffffffffffffff

Linker script and memory map

LOAD k:/stm32cube/stm32cubeide_1.7.0/stm32cubeide/plugins/com.st.stm32cube.ide.mcu.externaltools.gnu-tools-for-stm32.9-2020-q2-update.win32_2.0.0.202105311346/tools/bin/../lib/gcc/arm-none-eabi/9.3.1/thumb/v7e-m/nofp/crti.o
LOAD k:/stm32cube/stm32cubeide_1.7.0/stm32cubeide/plugins/com.st.stm32cube.ide.mcu.externaltools.gnu-tools-for-stm32.9-2020-q2-update.win32_2.0.0.202105311346/tools/bin/../lib/gcc/arm-none-eabi/9.3.1/thumb/v7e-m/nofp/crtbegin.o
LOAD k:/stm32cube/stm32cubeide_1.7.0/stm32cubeide/plugins/com.st.stm32cube.ide.mcu.externaltools.gnu-tools-for-stm32.9-2020-q2-update.win32_2.0.0.202105311346/tools/bin/../lib/gcc/arm-none-eabi/9.3.1/../../../../arm-none-eabi/lib/thumb/v7e-m/nofp/crt0.o
LOAD ./Application/Startup/startup_stm32wl55jcix.o
LOAD ./Application/User/main.o
LOAD ./Application/User/stm32wlxx_hal_msp.o
LOAD ./Application/User/stm32wlxx_it.o
LOAD ./Application/User/syscalls.o
LOAD ./Application/User/sysmem.o
LOAD ./Drivers/BSP/STM32WLxx_Nucleo/stm32wlxx_nucleo.o
LOAD ./Drivers/CMSIS/system_stm32wlxx.o
LOAD ./Drivers/STM32WLxx_HAL_Driver/stm32wlxx_hal.o
LOAD ./Drivers/STM32WLxx_HAL_Driver/stm32wlxx_hal_cortex.o
LOAD ./Drivers/STM32WLxx_HAL_Driver/stm32wlxx_hal_dma.o
LOAD ./Drivers/STM32WLxx_HAL_Driver/stm32wlxx_hal_dma_ex.o
LOAD ./Drivers/STM32WLxx_HAL_Driver/stm32wlxx_hal_exti.o
LOAD ./Drivers/STM32WLxx_HAL_Driver/stm32wlxx_hal_flash.o
LOAD ./Drivers/STM32WLxx_HAL_Driver/stm32wlxx_hal_flash_ex.o
LOAD ./Drivers/STM32WLxx_HAL_Driver/stm32wlxx_hal_gpio.o
LOAD ./Drivers/STM32WLxx_HAL_Driver/stm32wlxx_hal_i2c.o
LOAD ./Drivers/STM32WLxx_HAL_Driver/stm32wlxx_hal_i2c_ex.o
LOAD ./Drivers/STM32WLxx_HAL_Driver/stm32wlxx_hal_pwr.o
LOAD ./Drivers/STM32WLxx_HAL_Driver/stm32wlxx_hal_pwr_ex.o
LOAD ./Drivers/STM32WLxx_HAL_Driver/stm32wlxx_hal_rcc.o
LOAD ./Drivers/STM32WLxx_HAL_Driver/stm32wlxx_hal_rcc_ex.o
LOAD ./Drivers/STM32WLxx_HAL_Driver/stm32wlxx_hal_tim.o
LOAD ./Drivers/STM32WLxx_HAL_Driver/stm32wlxx_hal_tim_ex.o
START GROUP
LOAD k:/stm32cube/stm32cubeide_1.7.0/stm32cubeide/plugins/com.st.stm32cube.ide.mcu.externaltools.gnu-tools-for-stm32.9-2020-q2-update.win32_2.0.0.202105311346/tools/bin/../lib/gcc/arm-none-eabi/9.3.1/../../../../arm-none-eabi/lib/thumb/v7e-m/nofp\libc_nano.a
LOAD k:/stm32cube/stm32cubeide_1.7.0/stm32cubeide/plugins/com.st.stm32cube.ide.mcu.externaltools.gnu-tools-for-stm32.9-2020-q2-update.win32_2.0.0.202105311346/tools/bin/../lib/gcc/arm-none-eabi/9.3.1/../../../../arm-none-eabi/lib/thumb/v7e-m/nofp\libm.a
END GROUP
START GROUP
LOAD k:/stm32cube/stm32cubeide_1.7.0/stm32cubeide/plugins/com.st.stm32cube.ide.mcu.externaltools.gnu-tools-for-stm32.9-2020-q2-update.win32_2.0.0.202105311346/tools/bin/../lib/gcc/arm-none-eabi/9.3.1/thumb/v7e-m/nofp\libgcc.a
LOAD k:/stm32cube/stm32cubeide_1.7.0/stm32cubeide/plugins/com.st.stm32cube.ide.mcu.externaltools.gnu-tools-for-stm32.9-2020-q2-update.win32_2.0.0.202105311346/tools/bin/../lib/gcc/arm-none-eabi/9.3.1/../../../../arm-none-eabi/lib/thumb/v7e-m/nofp\libc_nano.a
END GROUP
START GROUP
LOAD k:/stm32cube/stm32cubeide_1.7.0/stm32cubeide/plugins/com.st.stm32cube.ide.mcu.externaltools.gnu-tools-for-stm32.9-2020-q2-update.win32_2.0.0.202105311346/tools/bin/../lib/gcc/arm-none-eabi/9.3.1/thumb/v7e-m/nofp\libgcc.a
LOAD k:/stm32cube/stm32cubeide_1.7.0/stm32cubeide/plugins/com.st.stm32cube.ide.mcu.externaltools.gnu-tools-for-stm32.9-2020-q2-update.win32_2.0.0.202105311346/tools/bin/../lib/gcc/arm-none-eabi/9.3.1/../../../../arm-none-eabi/lib/thumb/v7e-m/nofp\libc_nano.a
LOAD k:/stm32cube/stm32cubeide_1.7.0/stm32cubeide/plugins/com.st.stm32cube.ide.mcu.externaltools.gnu-tools-for-stm32.9-2020-q2-update.win32_2.0.0.202105311346/tools/bin/../lib/gcc/arm-none-eabi/9.3.1/../../../../arm-none-eabi/lib/thumb/v7e-m/nofp\libnosys.a
END GROUP
START GROUP
LOAD k:/stm32cube/stm32cubeide_1.7.0/stm32cubeide/plugins/com.st.stm32cube.ide.mcu.externaltools.gnu-tools-for-stm32.9-2020-q2-update.win32_2.0.0.202105311346/tools/bin/../lib/gcc/arm-none-eabi/9.3.1/thumb/v7e-m/nofp\libgcc.a
LOAD k:/stm32cube/stm32cubeide_1.7.0/stm32cubeide/plugins/com.st.stm32cube.ide.mcu.externaltools.gnu-tools-for-stm32.9-2020-q2-update.win32_2.0.0.202105311346/tools/bin/../lib/gcc/arm-none-eabi/9.3.1/../../../../arm-none-eabi/lib/thumb/v7e-m/nofp\libc_nano.a
LOAD k:/stm32cube/stm32cubeide_1.7.0/stm32cubeide/plugins/com.st.stm32cube.ide.mcu.externaltools.gnu-tools-for-stm32.9-2020-q2-update.win32_2.0.0.202105311346/tools/bin/../lib/gcc/arm-none-eabi/9.3.1/../../../../arm-none-eabi/lib/thumb/v7e-m/nofp\libnosys.a
END GROUP
LOAD k:/stm32cube/stm32cubeide_1.7.0/stm32cubeide/plugins/com.st.stm32cube.ide.mcu.externaltools.gnu-tools-for-stm32.9-2020-q2-update.win32_2.0.0.202105311346/tools/bin/../lib/gcc/arm-none-eabi/9.3.1/thumb/v7e-m/nofp/crtend.o
LOAD k:/stm32cube/stm32cubeide_1.7.0/stm32cubeide/plugins/com.st.stm32cube.ide.mcu.externaltools.gnu-tools-for-stm32.9-2020-q2-update.win32_2.0.0.202105311346/tools/bin/../lib/gcc/arm-none-eabi/9.3.1/thumb/v7e-m/nofp/crtn.o
                0x0000000020008000                _estack = (ORIGIN (RAM1) + LENGTH (RAM1))
                0x0000000000000200                _Min_Heap_Size = 0x200
                0x0000000000000400                _Min_Stack_Size = 0x400

.isr_vector     0x0000000008000000      0x138
                0x0000000008000000                . = ALIGN (0x8)
 *(.isr_vector)
 .isr_vector    0x0000000008000000      0x138 ./Application/Startup/startup_stm32wl55jcix.o
                0x0000000008000000                g_pfnVectors
                0x0000000008000138                . = ALIGN (0x8)

.text           0x0000000008000138     0x3cb8
                0x0000000008000138                . = ALIGN (0x8)
 *(.text)
 .text          0x0000000008000138       0x40 k:/stm32cube/stm32cubeide_1.7.0/stm32cubeide/plugins/com.st.stm32cube.ide.mcu.externaltools.gnu-tools-for-stm32.9-2020-q2-update.win32_2.0.0.202105311346/tools/bin/../lib/gcc/arm-none-eabi/9.3.1/thumb/v7e-m/nofp/crtbegin.o
 *(.text*)
 .text.Reset_Handler
                0x0000000008000178       0x50 ./Application/Startup/startup_stm32wl55jcix.o
                0x0000000008000178                Reset_Handler
 .text.Default_Handler
                0x00000000080001c8        0x2 ./Application/Startup/startup_stm32wl55jcix.o
                0x00000000080001c8                RTC_Alarm_IRQHandler
                0x00000000080001c8                EXTI2_IRQHandler
                0x00000000080001c8                DebugMon_Handler
                0x00000000080001c8                TIM1_CC_IRQHandler
                0x00000000080001c8                EXTI3_IRQHandler
                0x00000000080001c8                LPTIM2_IRQHandler
                0x00000000080001c8                I2C3_ER_IRQHandler
                0x00000000080001c8                LPTIM3_IRQHandler
                0x00000000080001c8                EXTI0_IRQHandler
                0x00000000080001c8                I2C2_EV_IRQHandler
                0x00000000080001c8                UsageFault_Handler
                0x00000000080001c8                TAMP_STAMP_LSECSS_SSRU_IRQHandler
                0x00000000080001c8                SPI1_IRQHandler
                0x00000000080001c8                DMA2_Channel2_IRQHandler
                0x00000000080001c8                DMA1_Channel4_IRQHandler
                0x00000000080001c8                PKA_IRQHandler
                0x00000000080001c8                TIM17_IRQHandler
                0x00000000080001c8                DMA1_Channel7_IRQHandler
                0x00000000080001c8                SUBGHZSPI_IRQHandler
                0x00000000080001c8                IPCC_C1_TX_IRQHandler
                0x00000000080001c8                DMA2_Channel1_IRQHandler
                0x00000000080001c8                SUBGHZ_Radio_IRQHandler
                0x00000000080001c8                DMAMUX1_OVR_IRQHandler
                0x00000000080001c8                DMA1_Channel6_IRQHandler
                0x00000000080001c8                TIM16_IRQHandler
                0x00000000080001c8                DMA2_Channel4_IRQHandler
                0x00000000080001c8                RCC_IRQHandler
                0x00000000080001c8                TIM1_TRG_COM_IRQHandler
                0x00000000080001c8                DMA1_Channel1_IRQHandler
                0x00000000080001c8                Default_Handler
                0x00000000080001c8                DMA2_Channel7_IRQHandler
                0x00000000080001c8                EXTI15_10_IRQHandler
                0x00000000080001c8                IPCC_C1_RX_IRQHandler
                0x00000000080001c8                ADC_IRQHandler
                0x00000000080001c8                C2SEV_PWR_C2H_IRQHandler
                0x00000000080001c8                I2C3_EV_IRQHandler
                0x00000000080001c8                EXTI9_5_IRQHandler
                0x00000000080001c8                RTC_WKUP_IRQHandler
                0x00000000080001c8                PVD_PVM_IRQHandler
                0x00000000080001c8                SPI2_IRQHandler
                0x00000000080001c8                MemManage_Handler
                0x00000000080001c8                DMA2_Channel5_IRQHandler
                0x00000000080001c8                DMA1_Channel5_IRQHandler
                0x00000000080001c8                EXTI4_IRQHandler
                0x00000000080001c8                RNG_IRQHandler
                0x00000000080001c8                DMA1_Channel3_IRQHandler
                0x00000000080001c8                COMP_IRQHandler
                0x00000000080001c8                HSEM_IRQHandler
                0x00000000080001c8                TIM1_UP_IRQHandler
                0x00000000080001c8                WWDG_IRQHandler
                0x00000000080001c8                LPUART1_IRQHandler
                0x00000000080001c8                DMA2_Channel6_IRQHandler
                0x00000000080001c8                TIM2_IRQHandler
                0x00000000080001c8                TIM1_BRK_IRQHandler
                0x00000000080001c8                DAC_IRQHandler
                0x00000000080001c8                EXTI1_IRQHandler
                0x00000000080001c8                AES_IRQHandler
                0x00000000080001c8                USART2_IRQHandler
                0x00000000080001c8                I2C2_ER_IRQHandler
                0x00000000080001c8                DMA1_Channel2_IRQHandler
                0x00000000080001c8                FLASH_IRQHandler
                0x00000000080001c8                BusFault_Handler
                0x00000000080001c8                USART1_IRQHandler
                0x00000000080001c8                LPTIM1_IRQHandler
                0x00000000080001c8                DMA2_Channel3_IRQHandler
 .text.LL_RCC_SetClkAfterWakeFromStop
                0x00000000080001ca       0x26 ./Application/User/main.o
 .text.LL_AHB2_GRP1_EnableClock
                0x00000000080001f0       0x30 ./Application/User/main.o
 .text.main     0x0000000008000220       0xcc ./Application/User/main.o
                0x0000000008000220                main
 .text.SystemClock_Config
                0x00000000080002ec       0xa0 ./Application/User/main.o
                0x00000000080002ec                SystemClock_Config
 .text.MX_I2C1_Init
                0x000000000800038c       0x88 ./Application/User/main.o
 .text.MX_GPIO_Init
                0x0000000008000414        0xe ./Application/User/main.o
 .text.HAL_I2C_SlaveTxCpltCallback
                0x0000000008000422       0x2c ./Application/User/main.o
                0x0000000008000422                HAL_I2C_SlaveTxCpltCallback
 .text.HAL_I2C_SlaveRxCpltCallback
                0x000000000800044e       0x2c ./Application/User/main.o
                0x000000000800044e                HAL_I2C_SlaveRxCpltCallback
 .text.HAL_I2C_ErrorCallback
                0x000000000800047a       0x38 ./Application/User/main.o
                0x000000000800047a                HAL_I2C_ErrorCallback
 *fill*         0x00000000080004b2        0x2 
 .text.EXTI23_Enable_IT
                0x00000000080004b4       0x28 ./Application/User/main.o
 .text.Buffercmp
                0x00000000080004dc       0x42 ./Application/User/main.o
 .text.Error_Handler
                0x000000000800051e        0xc ./Application/User/main.o
                0x000000000800051e                Error_Handler
 .text.LL_AHB2_GRP1_EnableClock
                0x000000000800052a       0x30 ./Application/User/stm32wlxx_hal_msp.o
 .text.LL_APB1_GRP1_EnableClock
                0x000000000800055a       0x30 ./Application/User/stm32wlxx_hal_msp.o
 .text.HAL_MspInit
                0x000000000800058a        0xc ./Application/User/stm32wlxx_hal_msp.o
                0x000000000800058a                HAL_MspInit
 *fill*         0x0000000008000596        0x2 
 .text.HAL_I2C_MspInit
                0x0000000008000598       0xb0 ./Application/User/stm32wlxx_hal_msp.o
                0x0000000008000598                HAL_I2C_MspInit
 .text.NMI_Handler
                0x0000000008000648        0xc ./Application/User/stm32wlxx_it.o
                0x0000000008000648                NMI_Handler
 .text.HardFault_Handler
                0x0000000008000654        0x6 ./Application/User/stm32wlxx_it.o
                0x0000000008000654                HardFault_Handler
 .text.SVC_Handler
                0x000000000800065a        0xc ./Application/User/stm32wlxx_it.o
                0x000000000800065a                SVC_Handler
 .text.PendSV_Handler
                0x0000000008000666        0xc ./Application/User/stm32wlxx_it.o
                0x0000000008000666                PendSV_Handler
 .text.SysTick_Handler
                0x0000000008000672        0xc ./Application/User/stm32wlxx_it.o
                0x0000000008000672                SysTick_Handler
 *fill*         0x000000000800067e        0x2 
 .text.I2C1_EV_IRQHandler
                0x0000000008000680       0x14 ./Application/User/stm32wlxx_it.o
                0x0000000008000680                I2C1_EV_IRQHandler
 .text.I2C1_ER_IRQHandler
                0x0000000008000694       0x14 ./Application/User/stm32wlxx_it.o
                0x0000000008000694                I2C1_ER_IRQHandler
 .text.LL_AHB2_GRP1_EnableClock
                0x00000000080006a8       0x30 ./Drivers/BSP/STM32WLxx_Nucleo/stm32wlxx_nucleo.o
 .text.BSP_LED_Init
                0x00000000080006d8       0x74 ./Drivers/BSP/STM32WLxx_Nucleo/stm32wlxx_nucleo.o
                0x00000000080006d8                BSP_LED_Init
 .text.BSP_LED_On
                0x000000000800074c       0x34 ./Drivers/BSP/STM32WLxx_Nucleo/stm32wlxx_nucleo.o
                0x000000000800074c                BSP_LED_On
 .text.BSP_LED_Off
                0x0000000008000780       0x34 ./Drivers/BSP/STM32WLxx_Nucleo/stm32wlxx_nucleo.o
                0x0000000008000780                BSP_LED_Off
 .text.SystemInit
                0x00000000080007b4        0xc ./Drivers/CMSIS/system_stm32wlxx.o
                0x00000000080007b4                SystemInit
 .text.HAL_Init
                0x00000000080007c0       0x40 ./Drivers/STM32WLxx_HAL_Driver/stm32wlxx_hal.o
                0x00000000080007c0                HAL_Init
 .text.HAL_InitTick
                0x0000000008000800       0x74 ./Drivers/STM32WLxx_HAL_Driver/stm32wlxx_hal.o
                0x0000000008000800                HAL_InitTick
 .text.HAL_IncTick
                0x0000000008000874       0x24 ./Drivers/STM32WLxx_HAL_Driver/stm32wlxx_hal.o
                0x0000000008000874                HAL_IncTick
 .text.HAL_GetTick
                0x0000000008000898       0x14 ./Drivers/STM32WLxx_HAL_Driver/stm32wlxx_hal.o
                0x0000000008000898                HAL_GetTick
 .text.__NVIC_SetPriorityGrouping
                0x00000000080008ac       0x48 ./Drivers/STM32WLxx_HAL_Driver/stm32wlxx_hal_cortex.o
 .text.__NVIC_GetPriorityGrouping
                0x00000000080008f4       0x1c ./Drivers/STM32WLxx_HAL_Driver/stm32wlxx_hal_cortex.o
 .text.__NVIC_EnableIRQ
                0x0000000008000910       0x38 ./Drivers/STM32WLxx_HAL_Driver/stm32wlxx_hal_cortex.o
 .text.__NVIC_SetPriority
                0x0000000008000948       0x54 ./Drivers/STM32WLxx_HAL_Driver/stm32wlxx_hal_cortex.o
 .text.NVIC_EncodePriority
                0x000000000800099c       0x64 ./Drivers/STM32WLxx_HAL_Driver/stm32wlxx_hal_cortex.o
 .text.SysTick_Config
                0x0000000008000a00       0x44 ./Drivers/STM32WLxx_HAL_Driver/stm32wlxx_hal_cortex.o
 .text.HAL_NVIC_SetPriorityGrouping
                0x0000000008000a44       0x16 ./Drivers/STM32WLxx_HAL_Driver/stm32wlxx_hal_cortex.o
                0x0000000008000a44                HAL_NVIC_SetPriorityGrouping
 .text.HAL_NVIC_SetPriority
                0x0000000008000a5a       0x34 ./Drivers/STM32WLxx_HAL_Driver/stm32wlxx_hal_cortex.o
                0x0000000008000a5a                HAL_NVIC_SetPriority
 .text.HAL_NVIC_EnableIRQ
                0x0000000008000a8e       0x1c ./Drivers/STM32WLxx_HAL_Driver/stm32wlxx_hal_cortex.o
                0x0000000008000a8e                HAL_NVIC_EnableIRQ
 .text.HAL_SYSTICK_Config
                0x0000000008000aaa       0x18 ./Drivers/STM32WLxx_HAL_Driver/stm32wlxx_hal_cortex.o
                0x0000000008000aaa                HAL_SYSTICK_Config
 .text.HAL_DMA_Abort_IT
                0x0000000008000ac2       0xbe ./Drivers/STM32WLxx_HAL_Driver/stm32wlxx_hal_dma.o
                0x0000000008000ac2                HAL_DMA_Abort_IT
 .text.HAL_DMA_GetState
                0x0000000008000b80       0x1a ./Drivers/STM32WLxx_HAL_Driver/stm32wlxx_hal_dma.o
                0x0000000008000b80                HAL_DMA_GetState
 *fill*         0x0000000008000b9a        0x2 
 .text.HAL_EXTI_SetConfigLine
                0x0000000008000b9c      0x19c ./Drivers/STM32WLxx_HAL_Driver/stm32wlxx_hal_exti.o
                0x0000000008000b9c                HAL_EXTI_SetConfigLine
 .text.HAL_GPIO_Init
                0x0000000008000d38      0x2c0 ./Drivers/STM32WLxx_HAL_Driver/stm32wlxx_hal_gpio.o
                0x0000000008000d38                HAL_GPIO_Init
 .text.HAL_GPIO_WritePin
                0x0000000008000ff8       0x2e ./Drivers/STM32WLxx_HAL_Driver/stm32wlxx_hal_gpio.o
                0x0000000008000ff8                HAL_GPIO_WritePin
 .text.HAL_I2C_Init
                0x0000000008001026      0x11e ./Drivers/STM32WLxx_HAL_Driver/stm32wlxx_hal_i2c.o
                0x0000000008001026                HAL_I2C_Init
 .text.HAL_I2C_Slave_Transmit_IT
                0x0000000008001144       0xa0 ./Drivers/STM32WLxx_HAL_Driver/stm32wlxx_hal_i2c.o
                0x0000000008001144                HAL_I2C_Slave_Transmit_IT
 .text.HAL_I2C_Slave_Receive_IT
                0x00000000080011e4       0xa0 ./Drivers/STM32WLxx_HAL_Driver/stm32wlxx_hal_i2c.o
                0x00000000080011e4                HAL_I2C_Slave_Receive_IT
 .text.HAL_I2C_EV_IRQHandler
                0x0000000008001284       0x34 ./Drivers/STM32WLxx_HAL_Driver/stm32wlxx_hal_i2c.o
                0x0000000008001284                HAL_I2C_EV_IRQHandler
 .text.HAL_I2C_ER_IRQHandler
                0x00000000080012b8       0xc2 ./Drivers/STM32WLxx_HAL_Driver/stm32wlxx_hal_i2c.o
                0x00000000080012b8                HAL_I2C_ER_IRQHandler
 .text.HAL_I2C_MasterTxCpltCallback
                0x000000000800137a       0x12 ./Drivers/STM32WLxx_HAL_Driver/stm32wlxx_hal_i2c.o
                0x000000000800137a                HAL_I2C_MasterTxCpltCallback
 .text.HAL_I2C_MasterRxCpltCallback
                0x000000000800138c       0x12 ./Drivers/STM32WLxx_HAL_Driver/stm32wlxx_hal_i2c.o
                0x000000000800138c                HAL_I2C_MasterRxCpltCallback
 .text.HAL_I2C_AddrCallback
                0x000000000800139e       0x1a ./Drivers/STM32WLxx_HAL_Driver/stm32wlxx_hal_i2c.o
                0x000000000800139e                HAL_I2C_AddrCallback
 .text.HAL_I2C_ListenCpltCallback
                0x00000000080013b8       0x12 ./Drivers/STM32WLxx_HAL_Driver/stm32wlxx_hal_i2c.o
                0x00000000080013b8                HAL_I2C_ListenCpltCallback
 .text.HAL_I2C_MemTxCpltCallback
                0x00000000080013ca       0x12 ./Drivers/STM32WLxx_HAL_Driver/stm32wlxx_hal_i2c.o
                0x00000000080013ca                HAL_I2C_MemTxCpltCallback
 .text.HAL_I2C_MemRxCpltCallback
                0x00000000080013dc       0x12 ./Drivers/STM32WLxx_HAL_Driver/stm32wlxx_hal_i2c.o
                0x00000000080013dc                HAL_I2C_MemRxCpltCallback
 .text.HAL_I2C_AbortCpltCallback
                0x00000000080013ee       0x12 ./Drivers/STM32WLxx_HAL_Driver/stm32wlxx_hal_i2c.o
                0x00000000080013ee                HAL_I2C_AbortCpltCallback
 .text.HAL_I2C_GetState
                0x0000000008001400       0x1a ./Drivers/STM32WLxx_HAL_Driver/stm32wlxx_hal_i2c.o
                0x0000000008001400                HAL_I2C_GetState
 .text.HAL_I2C_GetError
                0x000000000800141a       0x16 ./Drivers/STM32WLxx_HAL_Driver/stm32wlxx_hal_i2c.o
                0x000000000800141a                HAL_I2C_GetError
 .text.I2C_Slave_ISR_IT
                0x0000000008001430      0x206 ./Drivers/STM32WLxx_HAL_Driver/stm32wlxx_hal_i2c.o
 .text.I2C_Master_ISR_DMA
                0x0000000008001636      0x1e6 ./Drivers/STM32WLxx_HAL_Driver/stm32wlxx_hal_i2c.o
 .text.I2C_Slave_ISR_DMA
                0x000000000800181c      0x1c0 ./Drivers/STM32WLxx_HAL_Driver/stm32wlxx_hal_i2c.o
 .text.I2C_ITAddrCplt
                0x00000000080019dc      0x108 ./Drivers/STM32WLxx_HAL_Driver/stm32wlxx_hal_i2c.o
 .text.I2C_ITMasterSeqCplt
                0x0000000008001ae4       0x7a ./Drivers/STM32WLxx_HAL_Driver/stm32wlxx_hal_i2c.o
 .text.I2C_ITSlaveSeqCplt
                0x0000000008001b5e       0xbc ./Drivers/STM32WLxx_HAL_Driver/stm32wlxx_hal_i2c.o
 *fill*         0x0000000008001c1a        0x2 
 .text.I2C_ITMasterCplt
                0x0000000008001c1c      0x194 ./Drivers/STM32WLxx_HAL_Driver/stm32wlxx_hal_i2c.o
 .text.I2C_ITSlaveCplt
                0x0000000008001db0      0x214 ./Drivers/STM32WLxx_HAL_Driver/stm32wlxx_hal_i2c.o
 .text.I2C_ITListenCplt
                0x0000000008001fc4       0xac ./Drivers/STM32WLxx_HAL_Driver/stm32wlxx_hal_i2c.o
 .text.I2C_ITError
                0x0000000008002070      0x1a0 ./Drivers/STM32WLxx_HAL_Driver/stm32wlxx_hal_i2c.o
 .text.I2C_TreatErrorCallback
                0x0000000008002210       0x4e ./Drivers/STM32WLxx_HAL_Driver/stm32wlxx_hal_i2c.o
 .text.I2C_Flush_TXDR
                0x000000000800225e       0x46 ./Drivers/STM32WLxx_HAL_Driver/stm32wlxx_hal_i2c.o
 .text.I2C_DMAAbort
                0x00000000080022a4       0x3c ./Drivers/STM32WLxx_HAL_Driver/stm32wlxx_hal_i2c.o
 .text.I2C_TransferConfig
                0x00000000080022e0       0x58 ./Drivers/STM32WLxx_HAL_Driver/stm32wlxx_hal_i2c.o
 .text.I2C_Enable_IRQ
                0x0000000008002338       0xc4 ./Drivers/STM32WLxx_HAL_Driver/stm32wlxx_hal_i2c.o
 .text.I2C_Disable_IRQ
                0x00000000080023fc       0xba ./Drivers/STM32WLxx_HAL_Driver/stm32wlxx_hal_i2c.o
 .text.HAL_I2CEx_ConfigAnalogFilter
                0x00000000080024b6       0x94 ./Drivers/STM32WLxx_HAL_Driver/stm32wlxx_hal_i2c_ex.o
                0x00000000080024b6                HAL_I2CEx_ConfigAnalogFilter
 .text.HAL_I2CEx_ConfigDigitalFilter
                0x000000000800254a       0x96 ./Drivers/STM32WLxx_HAL_Driver/stm32wlxx_hal_i2c_ex.o
                0x000000000800254a                HAL_I2CEx_ConfigDigitalFilter
 .text.HAL_I2CEx_EnableWakeUp
                0x00000000080025e0       0x82 ./Drivers/STM32WLxx_HAL_Driver/stm32wlxx_hal_i2c_ex.o
                0x00000000080025e0                HAL_I2CEx_EnableWakeUp
 *fill*         0x0000000008002662        0x2 
 .text.HAL_I2CEx_EnableFastModePlus
                0x0000000008002664       0x24 ./Drivers/STM32WLxx_HAL_Driver/stm32wlxx_hal_i2c_ex.o
                0x0000000008002664                HAL_I2CEx_EnableFastModePlus
 .text.HAL_PWR_EnableBkUpAccess
                0x0000000008002688       0x1c ./Drivers/STM32WLxx_HAL_Driver/stm32wlxx_hal_pwr.o
                0x0000000008002688                HAL_PWR_EnableBkUpAccess
 .text.HAL_PWR_EnterSTOPMode
                0x00000000080026a4       0x2e ./Drivers/STM32WLxx_HAL_Driver/stm32wlxx_hal_pwr.o
                0x00000000080026a4                HAL_PWR_EnterSTOPMode
 *fill*         0x00000000080026d2        0x2 
 .text.HAL_PWREx_GetVoltageRange
                0x00000000080026d4       0x18 ./Drivers/STM32WLxx_HAL_Driver/stm32wlxx_hal_pwr_ex.o
                0x00000000080026d4                HAL_PWREx_GetVoltageRange
 .text.HAL_PWREx_EnterSTOP0Mode
                0x00000000080026ec       0x50 ./Drivers/STM32WLxx_HAL_Driver/stm32wlxx_hal_pwr_ex.o
                0x00000000080026ec                HAL_PWREx_EnterSTOP0Mode
 .text.HAL_PWREx_EnterSTOP1Mode
                0x000000000800273c       0x54 ./Drivers/STM32WLxx_HAL_Driver/stm32wlxx_hal_pwr_ex.o
                0x000000000800273c                HAL_PWREx_EnterSTOP1Mode
 .text.LL_PWR_IsEnabledBkUpAccess
                0x0000000008002790       0x24 ./Drivers/STM32WLxx_HAL_Driver/stm32wlxx_hal_rcc.o
 .text.LL_RCC_HSE_EnableTcxo
                0x00000000080027b4       0x1c ./Drivers/STM32WLxx_HAL_Driver/stm32wlxx_hal_rcc.o
 .text.LL_RCC_HSE_DisableTcxo
                0x00000000080027d0       0x1c ./Drivers/STM32WLxx_HAL_Driver/stm32wlxx_hal_rcc.o
 .text.LL_RCC_HSE_IsEnabledDiv2
                0x00000000080027ec       0x22 ./Drivers/STM32WLxx_HAL_Driver/stm32wlxx_hal_rcc.o
 .text.LL_RCC_HSE_Enable
                0x000000000800280e       0x1c ./Drivers/STM32WLxx_HAL_Driver/stm32wlxx_hal_rcc.o
 .text.LL_RCC_HSE_Disable
                0x000000000800282a       0x1c ./Drivers/STM32WLxx_HAL_Driver/stm32wlxx_hal_rcc.o
 .text.LL_RCC_HSE_IsReady
                0x0000000008002846       0x22 ./Drivers/STM32WLxx_HAL_Driver/stm32wlxx_hal_rcc.o
 .text.LL_RCC_HSI_Enable
                0x0000000008002868       0x1c ./Drivers/STM32WLxx_HAL_Driver/stm32wlxx_hal_rcc.o
 .text.LL_RCC_HSI_Disable
                0x0000000008002884       0x1c ./Drivers/STM32WLxx_HAL_Driver/stm32wlxx_hal_rcc.o
 .text.LL_RCC_HSI_IsReady
                0x00000000080028a0       0x22 ./Drivers/STM32WLxx_HAL_Driver/stm32wlxx_hal_rcc.o
 .text.LL_RCC_HSI_SetCalibTrimming
                0x00000000080028c2       0x28 ./Drivers/STM32WLxx_HAL_Driver/stm32wlxx_hal_rcc.o
 .text.LL_RCC_LSE_IsReady
                0x00000000080028ea       0x22 ./Drivers/STM32WLxx_HAL_Driver/stm32wlxx_hal_rcc.o
 .text.LL_RCC_LSI_Enable
                0x000000000800290c       0x20 ./Drivers/STM32WLxx_HAL_Driver/stm32wlxx_hal_rcc.o
 .text.LL_RCC_LSI_Disable
                0x000000000800292c       0x20 ./Drivers/STM32WLxx_HAL_Driver/stm32wlxx_hal_rcc.o
 .text.LL_RCC_LSI_IsReady
                0x000000000800294c       0x22 ./Drivers/STM32WLxx_HAL_Driver/stm32wlxx_hal_rcc.o
 .text.LL_RCC_MSI_Enable
                0x000000000800296e       0x1c ./Drivers/STM32WLxx_HAL_Driver/stm32wlxx_hal_rcc.o
 .text.LL_RCC_MSI_Disable
                0x000000000800298a       0x1c ./Drivers/STM32WLxx_HAL_Driver/stm32wlxx_hal_rcc.o
 .text.LL_RCC_MSI_IsReady
                0x00000000080029a6       0x20 ./Drivers/STM32WLxx_HAL_Driver/stm32wlxx_hal_rcc.o
 .text.LL_RCC_MSI_IsEnabledRangeSelect
                0x00000000080029c6       0x20 ./Drivers/STM32WLxx_HAL_Driver/stm32wlxx_hal_rcc.o
 .text.LL_RCC_MSI_GetRange
                0x00000000080029e6       0x16 ./Drivers/STM32WLxx_HAL_Driver/stm32wlxx_hal_rcc.o
 .text.LL_RCC_MSI_GetRangeAfterStandby
                0x00000000080029fc       0x18 ./Drivers/STM32WLxx_HAL_Driver/stm32wlxx_hal_rcc.o
 .text.LL_RCC_MSI_SetCalibTrimming
                0x0000000008002a14       0x28 ./Drivers/STM32WLxx_HAL_Driver/stm32wlxx_hal_rcc.o
 .text.LL_RCC_SetSysClkSource
                0x0000000008002a3c       0x26 ./Drivers/STM32WLxx_HAL_Driver/stm32wlxx_hal_rcc.o
 .text.LL_RCC_GetSysClkSource
                0x0000000008002a62       0x16 ./Drivers/STM32WLxx_HAL_Driver/stm32wlxx_hal_rcc.o
 .text.LL_RCC_SetAHBPrescaler
                0x0000000008002a78       0x26 ./Drivers/STM32WLxx_HAL_Driver/stm32wlxx_hal_rcc.o
 .text.LL_C2_RCC_SetAHBPrescaler
                0x0000000008002a9e       0x2a ./Drivers/STM32WLxx_HAL_Driver/stm32wlxx_hal_rcc.o
 .text.LL_RCC_SetAHB3Prescaler
                0x0000000008002ac8       0x2c ./Drivers/STM32WLxx_HAL_Driver/stm32wlxx_hal_rcc.o
 .text.LL_RCC_SetAPB1Prescaler
                0x0000000008002af4       0x26 ./Drivers/STM32WLxx_HAL_Driver/stm32wlxx_hal_rcc.o
 .text.LL_RCC_SetAPB2Prescaler
                0x0000000008002b1a       0x26 ./Drivers/STM32WLxx_HAL_Driver/stm32wlxx_hal_rcc.o
 .text.LL_RCC_GetAHBPrescaler
                0x0000000008002b40       0x16 ./Drivers/STM32WLxx_HAL_Driver/stm32wlxx_hal_rcc.o
 .text.LL_RCC_GetAHB3Prescaler
                0x0000000008002b56       0x1a ./Drivers/STM32WLxx_HAL_Driver/stm32wlxx_hal_rcc.o
 .text.LL_RCC_PLL_Enable
                0x0000000008002b70       0x1c ./Drivers/STM32WLxx_HAL_Driver/stm32wlxx_hal_rcc.o
 .text.LL_RCC_PLL_Disable
                0x0000000008002b8c       0x1c ./Drivers/STM32WLxx_HAL_Driver/stm32wlxx_hal_rcc.o
 .text.LL_RCC_PLL_IsReady
                0x0000000008002ba8       0x22 ./Drivers/STM32WLxx_HAL_Driver/stm32wlxx_hal_rcc.o
 .text.LL_RCC_PLL_GetN
                0x0000000008002bca       0x18 ./Drivers/STM32WLxx_HAL_Driver/stm32wlxx_hal_rcc.o
 .text.LL_RCC_PLL_GetR
                0x0000000008002be2       0x16 ./Drivers/STM32WLxx_HAL_Driver/stm32wlxx_hal_rcc.o
 .text.LL_RCC_PLL_GetDivider
                0x0000000008002bf8       0x16 ./Drivers/STM32WLxx_HAL_Driver/stm32wlxx_hal_rcc.o
 .text.LL_RCC_PLL_GetMainSource
                0x0000000008002c0e       0x16 ./Drivers/STM32WLxx_HAL_Driver/stm32wlxx_hal_rcc.o
 .text.LL_RCC_IsActiveFlag_HPRE
                0x0000000008002c24       0x22 ./Drivers/STM32WLxx_HAL_Driver/stm32wlxx_hal_rcc.o
 .text.LL_RCC_IsActiveFlag_C2HPRE
                0x0000000008002c46       0x24 ./Drivers/STM32WLxx_HAL_Driver/stm32wlxx_hal_rcc.o
 .text.LL_RCC_IsActiveFlag_SHDHPRE
                0x0000000008002c6a       0x24 ./Drivers/STM32WLxx_HAL_Driver/stm32wlxx_hal_rcc.o
 .text.LL_RCC_IsActiveFlag_PPRE1
                0x0000000008002c8e       0x22 ./Drivers/STM32WLxx_HAL_Driver/stm32wlxx_hal_rcc.o
 .text.LL_RCC_IsActiveFlag_PPRE2
                0x0000000008002cb0       0x22 ./Drivers/STM32WLxx_HAL_Driver/stm32wlxx_hal_rcc.o
 *fill*         0x0000000008002cd2        0x2 
 .text.HAL_RCC_OscConfig
                0x0000000008002cd4      0x734 ./Drivers/STM32WLxx_HAL_Driver/stm32wlxx_hal_rcc.o
                0x0000000008002cd4                HAL_RCC_OscConfig
 .text.HAL_RCC_ClockConfig
                0x0000000008003408      0x284 ./Drivers/STM32WLxx_HAL_Driver/stm32wlxx_hal_rcc.o
                0x0000000008003408                HAL_RCC_ClockConfig
 .text.HAL_RCC_GetSysClockFreq
                0x000000000800368c      0x140 ./Drivers/STM32WLxx_HAL_Driver/stm32wlxx_hal_rcc.o
                0x000000000800368c                HAL_RCC_GetSysClockFreq
 .text.HAL_RCC_GetHCLKFreq
                0x00000000080037cc       0x28 ./Drivers/STM32WLxx_HAL_Driver/stm32wlxx_hal_rcc.o
                0x00000000080037cc                HAL_RCC_GetHCLKFreq
 .text.RCC_SetFlashLatencyFromMSIRange
                0x00000000080037f4       0x60 ./Drivers/STM32WLxx_HAL_Driver/stm32wlxx_hal_rcc.o
 .text.RCC_SetFlashLatency
                0x0000000008003854      0x10c ./Drivers/STM32WLxx_HAL_Driver/stm32wlxx_hal_rcc.o
 .text.LL_RCC_LSE_IsReady
                0x0000000008003960       0x22 ./Drivers/STM32WLxx_HAL_Driver/stm32wlxx_hal_rcc_ex.o
 .text.LL_RCC_SetUSARTClockSource
                0x0000000008003982       0x30 ./Drivers/STM32WLxx_HAL_Driver/stm32wlxx_hal_rcc_ex.o
 .text.LL_RCC_SetI2SClockSource
                0x00000000080039b2       0x2a ./Drivers/STM32WLxx_HAL_Driver/stm32wlxx_hal_rcc_ex.o
 .text.LL_RCC_SetLPUARTClockSource
                0x00000000080039dc       0x2a ./Drivers/STM32WLxx_HAL_Driver/stm32wlxx_hal_rcc_ex.o
 .text.LL_RCC_SetI2CClockSource
                0x0000000008003a06       0x38 ./Drivers/STM32WLxx_HAL_Driver/stm32wlxx_hal_rcc_ex.o
 .text.LL_RCC_SetLPTIMClockSource
                0x0000000008003a3e       0x32 ./Drivers/STM32WLxx_HAL_Driver/stm32wlxx_hal_rcc_ex.o
 .text.LL_RCC_SetRNGClockSource
                0x0000000008003a70       0x2a ./Drivers/STM32WLxx_HAL_Driver/stm32wlxx_hal_rcc_ex.o
 .text.LL_RCC_SetADCClockSource
                0x0000000008003a9a       0x2a ./Drivers/STM32WLxx_HAL_Driver/stm32wlxx_hal_rcc_ex.o
 .text.LL_RCC_SetRTCClockSource
                0x0000000008003ac4       0x2a ./Drivers/STM32WLxx_HAL_Driver/stm32wlxx_hal_rcc_ex.o
 .text.LL_RCC_GetRTCClockSource
                0x0000000008003aee       0x18 ./Drivers/STM32WLxx_HAL_Driver/stm32wlxx_hal_rcc_ex.o
 .text.LL_RCC_ForceBackupDomainReset
                0x0000000008003b06       0x20 ./Drivers/STM32WLxx_HAL_Driver/stm32wlxx_hal_rcc_ex.o
 .text.LL_RCC_ReleaseBackupDomainReset
                0x0000000008003b26       0x20 ./Drivers/STM32WLxx_HAL_Driver/stm32wlxx_hal_rcc_ex.o
 *fill*         0x0000000008003b46        0x2 
 .text.HAL_RCCEx_PeriphCLKConfig
                0x0000000008003b48      0x234 ./Drivers/STM32WLxx_HAL_Driver/stm32wlxx_hal_rcc_ex.o
                0x0000000008003b48                HAL_RCCEx_PeriphCLKConfig
 .text.__libc_init_array
                0x0000000008003d7c       0x48 k:/stm32cube/stm32cubeide_1.7.0/stm32cubeide/plugins/com.st.stm32cube.ide.mcu.externaltools.gnu-tools-for-stm32.9-2020-q2-update.win32_2.0.0.202105311346/tools/bin/../lib/gcc/arm-none-eabi/9.3.1/../../../../arm-none-eabi/lib/thumb/v7e-m/nofp\libc_nano.a(lib_a-init.o)
                0x0000000008003d7c                __libc_init_array
 .text.memset   0x0000000008003dc4       0x10 k:/stm32cube/stm32cubeide_1.7.0/stm32cubeide/plugins/com.st.stm32cube.ide.mcu.externaltools.gnu-tools-for-stm32.9-2020-q2-update.win32_2.0.0.202105311346/tools/bin/../lib/gcc/arm-none-eabi/9.3.1/../../../../arm-none-eabi/lib/thumb/v7e-m/nofp\libc_nano.a(lib_a-memset.o)
                0x0000000008003dc4                memset
 *(.glue_7)
 .glue_7        0x0000000008003dd4        0x0 linker stubs
 *(.glue_7t)
 .glue_7t       0x0000000008003dd4        0x0 linker stubs
 *(.eh_frame)
 .eh_frame      0x0000000008003dd4        0x0 k:/stm32cube/stm32cubeide_1.7.0/stm32cubeide/plugins/com.st.stm32cube.ide.mcu.externaltools.gnu-tools-for-stm32.9-2020-q2-update.win32_2.0.0.202105311346/tools/bin/../lib/gcc/arm-none-eabi/9.3.1/thumb/v7e-m/nofp/crtbegin.o
 *(.init)
 .init          0x0000000008003dd4        0x4 k:/stm32cube/stm32cubeide_1.7.0/stm32cubeide/plugins/com.st.stm32cube.ide.mcu.externaltools.gnu-tools-for-stm32.9-2020-q2-update.win32_2.0.0.202105311346/tools/bin/../lib/gcc/arm-none-eabi/9.3.1/thumb/v7e-m/nofp/crti.o
                0x0000000008003dd4                _init
 .init          0x0000000008003dd8        0x8 k:/stm32cube/stm32cubeide_1.7.0/stm32cubeide/plugins/com.st.stm32cube.ide.mcu.externaltools.gnu-tools-for-stm32.9-2020-q2-update.win32_2.0.0.202105311346/tools/bin/../lib/gcc/arm-none-eabi/9.3.1/thumb/v7e-m/nofp/crtn.o
 *(.fini)
 .fini          0x0000000008003de0        0x4 k:/stm32cube/stm32cubeide_1.7.0/stm32cubeide/plugins/com.st.stm32cube.ide.mcu.externaltools.gnu-tools-for-stm32.9-2020-q2-update.win32_2.0.0.202105311346/tools/bin/../lib/gcc/arm-none-eabi/9.3.1/thumb/v7e-m/nofp/crti.o
                0x0000000008003de0                _fini
 .fini          0x0000000008003de4        0x8 k:/stm32cube/stm32cubeide_1.7.0/stm32cubeide/plugins/com.st.stm32cube.ide.mcu.externaltools.gnu-tools-for-stm32.9-2020-q2-update.win32_2.0.0.202105311346/tools/bin/../lib/gcc/arm-none-eabi/9.3.1/thumb/v7e-m/nofp/crtn.o
                0x0000000008003df0                . = ALIGN (0x8)
 *fill*         0x0000000008003dec        0x4 
                0x0000000008003df0                _etext = .

.vfp11_veneer   0x0000000008003df0        0x0
 .vfp11_veneer  0x0000000008003df0        0x0 linker stubs

.v4_bx          0x0000000008003df0        0x0
 .v4_bx         0x0000000008003df0        0x0 linker stubs

.iplt           0x0000000008003df0        0x0
 .iplt          0x0000000008003df0        0x0 k:/stm32cube/stm32cubeide_1.7.0/stm32cubeide/plugins/com.st.stm32cube.ide.mcu.externaltools.gnu-tools-for-stm32.9-2020-q2-update.win32_2.0.0.202105311346/tools/bin/../lib/gcc/arm-none-eabi/9.3.1/thumb/v7e-m/nofp/crtbegin.o

.rodata         0x0000000008003df0       0xa8
                0x0000000008003df0                . = ALIGN (0x8)
 *(.rodata)
 .rodata        0x0000000008003df0       0x1c ./Drivers/STM32WLxx_HAL_Driver/stm32wlxx_hal_rcc.o
 *(.rodata*)
 .rodata.LED_PIN
                0x0000000008003e0c        0x6 ./Drivers/BSP/STM32WLxx_Nucleo/stm32wlxx_nucleo.o
 *fill*         0x0000000008003e12        0x2 
 .rodata.AHBPrescTable
                0x0000000008003e14       0x40 ./Drivers/CMSIS/system_stm32wlxx.o
                0x0000000008003e14                AHBPrescTable
 .rodata.MSIRangeTable
                0x0000000008003e54       0x40 ./Drivers/CMSIS/system_stm32wlxx.o
                0x0000000008003e54                MSIRangeTable
                0x0000000008003e98                . = ALIGN (0x8)
 *fill*         0x0000000008003e94        0x4 

.rel.dyn        0x0000000008003e98        0x0
 .rel.iplt      0x0000000008003e98        0x0 k:/stm32cube/stm32cubeide_1.7.0/stm32cubeide/plugins/com.st.stm32cube.ide.mcu.externaltools.gnu-tools-for-stm32.9-2020-q2-update.win32_2.0.0.202105311346/tools/bin/../lib/gcc/arm-none-eabi/9.3.1/thumb/v7e-m/nofp/crtbegin.o

.ARM.extab      0x0000000008003e98        0x0
                0x0000000008003e98                . = ALIGN (0x8)
 *(.ARM.extab* .gnu.linkonce.armextab.*)
                0x0000000008003e98                . = ALIGN (0x8)

.ARM            0x0000000008003e98        0x0
                0x0000000008003e98                . = ALIGN (0x8)
                0x0000000008003e98                __exidx_start = .
 *(.ARM.exidx*)
                0x0000000008003e98                __exidx_end = .
                0x0000000008003e98                . = ALIGN (0x8)

.preinit_array  0x0000000008003e98        0x0
                0x0000000008003e98                . = ALIGN (0x8)
                0x0000000008003e98                PROVIDE (__preinit_array_start = .)
 *(.preinit_array*)
                0x0000000008003e98                PROVIDE (__preinit_array_end = .)
                0x0000000008003e98                . = ALIGN (0x8)

.init_array     0x0000000008003e98        0x8
                0x0000000008003e98                . = ALIGN (0x8)
                0x0000000008003e98                PROVIDE (__init_array_start = .)
 *(SORT_BY_NAME(.init_array.*))
 *(.init_array*)
 .init_array    0x0000000008003e98        0x4 k:/stm32cube/stm32cubeide_1.7.0/stm32cubeide/plugins/com.st.stm32cube.ide.mcu.externaltools.gnu-tools-for-stm32.9-2020-q2-update.win32_2.0.0.202105311346/tools/bin/../lib/gcc/arm-none-eabi/9.3.1/thumb/v7e-m/nofp/crtbegin.o
                0x0000000008003e9c                PROVIDE (__init_array_end = .)
                0x0000000008003ea0                . = ALIGN (0x8)
 *fill*         0x0000000008003e9c        0x4 

.fini_array     0x0000000008003ea0        0x8
                0x0000000008003ea0                . = ALIGN (0x8)
                [!provide]                        PROVIDE (__fini_array_start = .)
 *(SORT_BY_NAME(.fini_array.*))
 *(.fini_array*)
 .fini_array    0x0000000008003ea0        0x4 k:/stm32cube/stm32cubeide_1.7.0/stm32cubeide/plugins/com.st.stm32cube.ide.mcu.externaltools.gnu-tools-for-stm32.9-2020-q2-update.win32_2.0.0.202105311346/tools/bin/../lib/gcc/arm-none-eabi/9.3.1/thumb/v7e-m/nofp/crtbegin.o
                [!provide]                        PROVIDE (__fini_array_end = .)
                0x0000000008003ea8                . = ALIGN (0x8)
 *fill*         0x0000000008003ea4        0x4 
                0x0000000008003ea8                _sidata = LOADADDR (.data)

.data           0x0000000020000000       0xf8 load address 0x0000000008003ea8
                0x0000000020000000                . = ALIGN (0x8)
                0x0000000020000000                _sdata = .
 *(.data)
 *(.data*)
 .data.aTxBuffer
                0x0000000020000000       0xd9 ./Application/User/main.o
                0x0000000020000000                aTxBuffer
 *fill*         0x00000000200000d9        0x3 
 .data.LED_PORT
                0x00000000200000dc        0xc ./Drivers/BSP/STM32WLxx_Nucleo/stm32wlxx_nucleo.o
 .data.SystemCoreClock
                0x00000000200000e8        0x4 ./Drivers/CMSIS/system_stm32wlxx.o
                0x00000000200000e8                SystemCoreClock
 .data.uwTickPrio
                0x00000000200000ec        0x4 ./Drivers/STM32WLxx_HAL_Driver/stm32wlxx_hal.o
                0x00000000200000ec                uwTickPrio
 .data.uwTickFreq
                0x00000000200000f0        0x1 ./Drivers/STM32WLxx_HAL_Driver/stm32wlxx_hal.o
                0x00000000200000f0                uwTickFreq
                0x00000000200000f8                . = ALIGN (0x8)
 *fill*         0x00000000200000f1        0x7 
                0x00000000200000f8                _edata = .

.igot.plt       0x00000000200000f8        0x0 load address 0x0000000008003fa0
 .igot.plt      0x00000000200000f8        0x0 k:/stm32cube/stm32cubeide_1.7.0/stm32cubeide/plugins/com.st.stm32cube.ide.mcu.externaltools.gnu-tools-for-stm32.9-2020-q2-update.win32_2.0.0.202105311346/tools/bin/../lib/gcc/arm-none-eabi/9.3.1/thumb/v7e-m/nofp/crtbegin.o
                0x00000000200000f8                . = ALIGN (0x8)

.bss            0x00000000200000f8      0x148 load address 0x0000000008003fa0
                0x00000000200000f8                _sbss = .
                0x00000000200000f8                __bss_start__ = _sbss
 *(.bss)
 .bss           0x00000000200000f8       0x1c k:/stm32cube/stm32cubeide_1.7.0/stm32cubeide/plugins/com.st.stm32cube.ide.mcu.externaltools.gnu-tools-for-stm32.9-2020-q2-update.win32_2.0.0.202105311346/tools/bin/../lib/gcc/arm-none-eabi/9.3.1/thumb/v7e-m/nofp/crtbegin.o
 *(.bss*)
 *(COMMON)
 COMMON         0x0000000020000114      0x124 ./Application/User/main.o
                0x0000000020000114                hi2c1
                0x0000000020000160                aRxBuffer
 COMMON         0x0000000020000238        0x4 ./Drivers/STM32WLxx_HAL_Driver/stm32wlxx_hal.o
                0x0000000020000238                uwTick
                0x0000000020000240                . = ALIGN (0x8)
 *fill*         0x000000002000023c        0x4 
                0x0000000020000240                _ebss = .
                0x0000000020000240                __bss_end__ = _ebss
                0x0000000020000240                . = ALIGN (0x8)

RAM1_region     0x0000000020000240        0x0 load address 0x0000000008003fa0
                0x0000000020000240                _sRAM1_region = .
 *(.RAM1_region)
                0x0000000020000240                . = ALIGN (0x8)
                0x0000000020000240                _eRAM1_region = .
                0x0000000020000240                . = ALIGN (0x8)

RAM2_region     0x0000000020008000        0x0
                0x0000000020008000                _sRAM2_region = .
 *(.RAM2_region)
                0x0000000020008000                . = ALIGN (0x8)
                0x0000000020008000                _eRAM2_region = .

._user_heap_stack
                0x0000000020000240      0x600
                0x0000000020000240                . = ALIGN (0x8)
                [!provide]                        PROVIDE (end = .)
                0x0000000020000240                PROVIDE (_end = .)
                0x0000000020000440                . = (. + _Min_Heap_Size)
 *fill*         0x0000000020000240      0x200 
                0x0000000020000840                . = (. + _Min_Stack_Size)
 *fill*         0x0000000020000440      0x400 
                0x0000000020000840                . = ALIGN (0x8)

/DISCARD/
 libc.a(*)
 libm.a(*)
 libgcc.a(*)

.ARM.attributes
                0x0000000000000000       0x2a
 *(.ARM.attributes)
 .ARM.attributes
                0x0000000000000000       0x1e k:/stm32cube/stm32cubeide_1.7.0/stm32cubeide/plugins/com.st.stm32cube.ide.mcu.externaltools.gnu-tools-for-stm32.9-2020-q2-update.win32_2.0.0.202105311346/tools/bin/../lib/gcc/arm-none-eabi/9.3.1/thumb/v7e-m/nofp/crti.o
 .ARM.attributes
                0x000000000000001e       0x2e k:/stm32cube/stm32cubeide_1.7.0/stm32cubeide/plugins/com.st.stm32cube.ide.mcu.externaltools.gnu-tools-for-stm32.9-2020-q2-update.win32_2.0.0.202105311346/tools/bin/../lib/gcc/arm-none-eabi/9.3.1/thumb/v7e-m/nofp/crtbegin.o
 .ARM.attributes
                0x000000000000004c       0x21 ./Application/Startup/startup_stm32wl55jcix.o
 .ARM.attributes
                0x000000000000006d       0x2e ./Application/User/main.o
 .ARM.attributes
                0x000000000000009b       0x2e ./Application/User/stm32wlxx_hal_msp.o
 .ARM.attributes
                0x00000000000000c9       0x2e ./Application/User/stm32wlxx_it.o
 .ARM.attributes
                0x00000000000000f7       0x2e ./Drivers/BSP/STM32WLxx_Nucleo/stm32wlxx_nucleo.o
 .ARM.attributes
                0x0000000000000125       0x2e ./Drivers/CMSIS/system_stm32wlxx.o
 .ARM.attributes
                0x0000000000000153       0x2e ./Drivers/STM32WLxx_HAL_Driver/stm32wlxx_hal.o
 .ARM.attributes
                0x0000000000000181       0x2e ./Drivers/STM32WLxx_HAL_Driver/stm32wlxx_hal_cortex.o
 .ARM.attributes
                0x00000000000001af       0x2e ./Drivers/STM32WLxx_HAL_Driver/stm32wlxx_hal_dma.o
 .ARM.attributes
                0x00000000000001dd       0x2e ./Drivers/STM32WLxx_HAL_Driver/stm32wlxx_hal_exti.o
 .ARM.attributes
                0x000000000000020b       0x2e ./Drivers/STM32WLxx_HAL_Driver/stm32wlxx_hal_gpio.o
 .ARM.attributes
                0x0000000000000239       0x2e ./Drivers/STM32WLxx_HAL_Driver/stm32wlxx_hal_i2c.o
 .ARM.attributes
                0x0000000000000267       0x2e ./Drivers/STM32WLxx_HAL_Driver/stm32wlxx_hal_i2c_ex.o
 .ARM.attributes
                0x0000000000000295       0x2e ./Drivers/STM32WLxx_HAL_Driver/stm32wlxx_hal_pwr.o
 .ARM.attributes
                0x00000000000002c3       0x2e ./Drivers/STM32WLxx_HAL_Driver/stm32wlxx_hal_pwr_ex.o
 .ARM.attributes
                0x00000000000002f1       0x2e ./Drivers/STM32WLxx_HAL_Driver/stm32wlxx_hal_rcc.o
 .ARM.attributes
                0x000000000000031f       0x2e ./Drivers/STM32WLxx_HAL_Driver/stm32wlxx_hal_rcc_ex.o
 .ARM.attributes
                0x000000000000034d       0x2e k:/stm32cube/stm32cubeide_1.7.0/stm32cubeide/plugins/com.st.stm32cube.ide.mcu.externaltools.gnu-tools-for-stm32.9-2020-q2-update.win32_2.0.0.202105311346/tools/bin/../lib/gcc/arm-none-eabi/9.3.1/../../../../arm-none-eabi/lib/thumb/v7e-m/nofp\libc_nano.a(lib_a-init.o)
 .ARM.attributes
                0x000000000000037b       0x2e k:/stm32cube/stm32cubeide_1.7.0/stm32cubeide/plugins/com.st.stm32cube.ide.mcu.externaltools.gnu-tools-for-stm32.9-2020-q2-update.win32_2.0.0.202105311346/tools/bin/../lib/gcc/arm-none-eabi/9.3.1/../../../../arm-none-eabi/lib/thumb/v7e-m/nofp\libc_nano.a(lib_a-memset.o)
 .ARM.attributes
                0x00000000000003a9       0x1e k:/stm32cube/stm32cubeide_1.7.0/stm32cubeide/plugins/com.st.stm32cube.ide.mcu.externaltools.gnu-tools-for-stm32.9-2020-q2-update.win32_2.0.0.202105311346/tools/bin/../lib/gcc/arm-none-eabi/9.3.1/thumb/v7e-m/nofp/crtn.o
OUTPUT(I2C_WakeUpFromStop.elf elf32-littlearm)
LOAD linker stubs
LOAD k:/stm32cube/stm32cubeide_1.7.0/stm32cubeide/plugins/com.st.stm32cube.ide.mcu.externaltools.gnu-tools-for-stm32.9-2020-q2-update.win32_2.0.0.202105311346/tools/bin/../lib/gcc/arm-none-eabi/9.3.1/../../../../arm-none-eabi/lib/thumb/v7e-m/nofp\libc.a
LOAD k:/stm32cube/stm32cubeide_1.7.0/stm32cubeide/plugins/com.st.stm32cube.ide.mcu.externaltools.gnu-tools-for-stm32.9-2020-q2-update.win32_2.0.0.202105311346/tools/bin/../lib/gcc/arm-none-eabi/9.3.1/../../../../arm-none-eabi/lib/thumb/v7e-m/nofp\libm.a
LOAD k:/stm32cube/stm32cubeide_1.7.0/stm32cubeide/plugins/com.st.stm32cube.ide.mcu.externaltools.gnu-tools-for-stm32.9-2020-q2-update.win32_2.0.0.202105311346/tools/bin/../lib/gcc/arm-none-eabi/9.3.1/thumb/v7e-m/nofp\libgcc.a

.debug_line     0x0000000000000000     0xf6a4
 .debug_line    0x0000000000000000       0x90 ./Application/Startup/startup_stm32wl55jcix.o
 .debug_line    0x0000000000000090      0xa7c ./Application/User/main.o
 .debug_line    0x0000000000000b0c      0x931 ./Application/User/stm32wlxx_hal_msp.o
 .debug_line    0x000000000000143d      0x8fb ./Application/User/stm32wlxx_it.o
 .debug_line    0x0000000000001d38      0xa1e ./Drivers/BSP/STM32WLxx_Nucleo/stm32wlxx_nucleo.o
 .debug_line    0x0000000000002756      0x87f ./Drivers/CMSIS/system_stm32wlxx.o
 .debug_line    0x0000000000002fd5      0xf68 ./Drivers/STM32WLxx_HAL_Driver/stm32wlxx_hal.o
 .debug_line    0x0000000000003f3d      0xd4f ./Drivers/STM32WLxx_HAL_Driver/stm32wlxx_hal_cortex.o
 .debug_line    0x0000000000004c8c      0xfae ./Drivers/STM32WLxx_HAL_Driver/stm32wlxx_hal_dma.o
 .debug_line    0x0000000000005c3a      0xb2d ./Drivers/STM32WLxx_HAL_Driver/stm32wlxx_hal_exti.o
 .debug_line    0x0000000000006767      0xbaa ./Drivers/STM32WLxx_HAL_Driver/stm32wlxx_hal_gpio.o
 .debug_line    0x0000000000007311     0x337c ./Drivers/STM32WLxx_HAL_Driver/stm32wlxx_hal_i2c.o
 .debug_line    0x000000000000a68d      0x9d7 ./Drivers/STM32WLxx_HAL_Driver/stm32wlxx_hal_i2c_ex.o
 .debug_line    0x000000000000b064      0xa48 ./Drivers/STM32WLxx_HAL_Driver/stm32wlxx_hal_pwr.o
 .debug_line    0x000000000000baac      0xf1a ./Drivers/STM32WLxx_HAL_Driver/stm32wlxx_hal_pwr_ex.o
 .debug_line    0x000000000000c9c6     0x1843 ./Drivers/STM32WLxx_HAL_Driver/stm32wlxx_hal_rcc.o
 .debug_line    0x000000000000e209     0x149b ./Drivers/STM32WLxx_HAL_Driver/stm32wlxx_hal_rcc_ex.o

.debug_info     0x0000000000000000     0xf154
 .debug_info    0x0000000000000000       0x22 ./Application/Startup/startup_stm32wl55jcix.o
 .debug_info    0x0000000000000022     0x126c ./Application/User/main.o
 .debug_info    0x000000000000128e     0x1119 ./Application/User/stm32wlxx_hal_msp.o
 .debug_info    0x00000000000023a7      0x989 ./Application/User/stm32wlxx_it.o
 .debug_info    0x0000000000002d30      0xd6d ./Drivers/BSP/STM32WLxx_Nucleo/stm32wlxx_nucleo.o
 .debug_info    0x0000000000003a9d      0x682 ./Drivers/CMSIS/system_stm32wlxx.o
 .debug_info    0x000000000000411f     0x12be ./Drivers/STM32WLxx_HAL_Driver/stm32wlxx_hal.o
 .debug_info    0x00000000000053dd      0xf26 ./Drivers/STM32WLxx_HAL_Driver/stm32wlxx_hal_cortex.o
 .debug_info    0x0000000000006303      0xaf6 ./Drivers/STM32WLxx_HAL_Driver/stm32wlxx_hal_dma.o
 .debug_info    0x0000000000006df9      0x9bf ./Drivers/STM32WLxx_HAL_Driver/stm32wlxx_hal_exti.o
 .debug_info    0x00000000000077b8      0x8bf ./Drivers/STM32WLxx_HAL_Driver/stm32wlxx_hal_gpio.o
 .debug_info    0x0000000000008077     0x2399 ./Drivers/STM32WLxx_HAL_Driver/stm32wlxx_hal_i2c.o
 .debug_info    0x000000000000a410      0xaef ./Drivers/STM32WLxx_HAL_Driver/stm32wlxx_hal_i2c_ex.o
 .debug_info    0x000000000000aeff      0xa51 ./Drivers/STM32WLxx_HAL_Driver/stm32wlxx_hal_pwr.o
 .debug_info    0x000000000000b950      0xfb9 ./Drivers/STM32WLxx_HAL_Driver/stm32wlxx_hal_pwr_ex.o
 .debug_info    0x000000000000c909     0x155c ./Drivers/STM32WLxx_HAL_Driver/stm32wlxx_hal_rcc.o
 .debug_info    0x000000000000de65     0x12ef ./Drivers/STM32WLxx_HAL_Driver/stm32wlxx_hal_rcc_ex.o

.debug_abbrev   0x0000000000000000     0x248f
 .debug_abbrev  0x0000000000000000       0x12 ./Application/Startup/startup_stm32wl55jcix.o
 .debug_abbrev  0x0000000000000012      0x287 ./Application/User/main.o
 .debug_abbrev  0x0000000000000299      0x22c ./Application/User/stm32wlxx_hal_msp.o
 .debug_abbrev  0x00000000000004c5      0x18b ./Application/User/stm32wlxx_it.o
 .debug_abbrev  0x0000000000000650      0x260 ./Drivers/BSP/STM32WLxx_Nucleo/stm32wlxx_nucleo.o
 .debug_abbrev  0x00000000000008b0      0x187 ./Drivers/CMSIS/system_stm32wlxx.o
 .debug_abbrev  0x0000000000000a37      0x2ec ./Drivers/STM32WLxx_HAL_Driver/stm32wlxx_hal.o
 .debug_abbrev  0x0000000000000d23      0x2fb ./Drivers/STM32WLxx_HAL_Driver/stm32wlxx_hal_cortex.o
 .debug_abbrev  0x000000000000101e      0x230 ./Drivers/STM32WLxx_HAL_Driver/stm32wlxx_hal_dma.o
 .debug_abbrev  0x000000000000124e      0x1e4 ./Drivers/STM32WLxx_HAL_Driver/stm32wlxx_hal_exti.o
 .debug_abbrev  0x0000000000001432      0x1ff ./Drivers/STM32WLxx_HAL_Driver/stm32wlxx_hal_gpio.o
 .debug_abbrev  0x0000000000001631      0x267 ./Drivers/STM32WLxx_HAL_Driver/stm32wlxx_hal_i2c.o
 .debug_abbrev  0x0000000000001898      0x1e3 ./Drivers/STM32WLxx_HAL_Driver/stm32wlxx_hal_i2c_ex.o
 .debug_abbrev  0x0000000000001a7b      0x1e5 ./Drivers/STM32WLxx_HAL_Driver/stm32wlxx_hal_pwr.o
 .debug_abbrev  0x0000000000001c60      0x2fa ./Drivers/STM32WLxx_HAL_Driver/stm32wlxx_hal_pwr_ex.o
 .debug_abbrev  0x0000000000001f5a      0x28f ./Drivers/STM32WLxx_HAL_Driver/stm32wlxx_hal_rcc.o
 .debug_abbrev  0x00000000000021e9      0x2a6 ./Drivers/STM32WLxx_HAL_Driver/stm32wlxx_hal_rcc_ex.o

.debug_aranges  0x0000000000000000     0x1090
 .debug_aranges
                0x0000000000000000       0x28 ./Application/Startup/startup_stm32wl55jcix.o
 .debug_aranges
                0x0000000000000028       0x78 ./Application/User/main.o
 .debug_aranges
                0x00000000000000a0       0x48 ./Application/User/stm32wlxx_hal_msp.o
 .debug_aranges
                0x00000000000000e8       0x50 ./Application/User/stm32wlxx_it.o
 .debug_aranges
                0x0000000000000138       0x98 ./Drivers/BSP/STM32WLxx_Nucleo/stm32wlxx_nucleo.o
 .debug_aranges
                0x00000000000001d0       0x28 ./Drivers/CMSIS/system_stm32wlxx.o
 .debug_aranges
                0x00000000000001f8      0x240 ./Drivers/STM32WLxx_HAL_Driver/stm32wlxx_hal.o
 .debug_aranges
                0x0000000000000438      0x118 ./Drivers/STM32WLxx_HAL_Driver/stm32wlxx_hal_cortex.o
 .debug_aranges
                0x0000000000000550       0xa0 ./Drivers/STM32WLxx_HAL_Driver/stm32wlxx_hal_dma.o
 .debug_aranges
                0x00000000000005f0       0x60 ./Drivers/STM32WLxx_HAL_Driver/stm32wlxx_hal_exti.o
 .debug_aranges
                0x0000000000000650       0x58 ./Drivers/STM32WLxx_HAL_Driver/stm32wlxx_hal_gpio.o
 .debug_aranges
                0x00000000000006a8      0x290 ./Drivers/STM32WLxx_HAL_Driver/stm32wlxx_hal_i2c.o
 .debug_aranges
                0x0000000000000938       0x48 ./Drivers/STM32WLxx_HAL_Driver/stm32wlxx_hal_i2c_ex.o
 .debug_aranges
                0x0000000000000980       0xc8 ./Drivers/STM32WLxx_HAL_Driver/stm32wlxx_hal_pwr.o
 .debug_aranges
                0x0000000000000a48      0x200 ./Drivers/STM32WLxx_HAL_Driver/stm32wlxx_hal_pwr_ex.o
 .debug_aranges
                0x0000000000000c48      0x250 ./Drivers/STM32WLxx_HAL_Driver/stm32wlxx_hal_rcc.o
 .debug_aranges
                0x0000000000000e98      0x1f8 ./Drivers/STM32WLxx_HAL_Driver/stm32wlxx_hal_rcc_ex.o

.debug_str      0x0000000000000000    0xa941b
 .debug_str     0x0000000000000000       0xb5 ./Application/Startup/startup_stm32wl55jcix.o
 .debug_str     0x00000000000000b5    0xa4a83 ./Application/User/main.o
                                      0xa528e (size before relaxing)
 .debug_str     0x00000000000a4b38      0x65b ./Application/User/stm32wlxx_hal_msp.o
                                      0xa5562 (size before relaxing)
 .debug_str     0x00000000000a5193       0xf9 ./Application/User/stm32wlxx_it.o
                                      0xa4da0 (size before relaxing)
 .debug_str     0x00000000000a528c      0x2af ./Drivers/BSP/STM32WLxx_Nucleo/stm32wlxx_nucleo.o
                                      0xa4ff8 (size before relaxing)
 .debug_str     0x00000000000a553b       0xc1 ./Drivers/CMSIS/system_stm32wlxx.o
                                      0xa3e90 (size before relaxing)
 .debug_str     0x00000000000a55fc      0x869 ./Drivers/STM32WLxx_HAL_Driver/stm32wlxx_hal.o
                                      0xa4b8c (size before relaxing)
 .debug_str     0x00000000000a5e65      0x3f5 ./Drivers/STM32WLxx_HAL_Driver/stm32wlxx_hal_cortex.o
                                      0xa456c (size before relaxing)
 .debug_str     0x00000000000a625a      0x324 ./Drivers/STM32WLxx_HAL_Driver/stm32wlxx_hal_dma.o
                                      0xa420a (size before relaxing)
 .debug_str     0x00000000000a657e      0x201 ./Drivers/STM32WLxx_HAL_Driver/stm32wlxx_hal_exti.o
                                      0xa3f16 (size before relaxing)
 .debug_str     0x00000000000a677f      0x200 ./Drivers/STM32WLxx_HAL_Driver/stm32wlxx_hal_gpio.o
                                      0xa3f7d (size before relaxing)
 .debug_str     0x00000000000a697f      0xe15 ./Drivers/STM32WLxx_HAL_Driver/stm32wlxx_hal_i2c.o
                                      0xa5011 (size before relaxing)
 .debug_str     0x00000000000a7794       0xe3 ./Drivers/STM32WLxx_HAL_Driver/stm32wlxx_hal_i2c_ex.o
                                      0xa42f2 (size before relaxing)
 .debug_str     0x00000000000a7877      0x4f5 ./Drivers/STM32WLxx_HAL_Driver/stm32wlxx_hal_pwr.o
                                      0xa427d (size before relaxing)
 .debug_str     0x00000000000a7d6c      0x753 ./Drivers/STM32WLxx_HAL_Driver/stm32wlxx_hal_pwr_ex.o
                                      0xa462c (size before relaxing)
 .debug_str     0x00000000000a84bf      0x9df ./Drivers/STM32WLxx_HAL_Driver/stm32wlxx_hal_rcc.o
                                      0xa4ac4 (size before relaxing)
 .debug_str     0x00000000000a8e9e      0x57d ./Drivers/STM32WLxx_HAL_Driver/stm32wlxx_hal_rcc_ex.o
                                      0xa483b (size before relaxing)

.debug_ranges   0x0000000000000000      0xf88
 .debug_ranges  0x0000000000000000       0x20 ./Application/Startup/startup_stm32wl55jcix.o
 .debug_ranges  0x0000000000000020       0x68 ./Application/User/main.o
 .debug_ranges  0x0000000000000088       0x38 ./Application/User/stm32wlxx_hal_msp.o
 .debug_ranges  0x00000000000000c0       0x40 ./Application/User/stm32wlxx_it.o
 .debug_ranges  0x0000000000000100       0x88 ./Drivers/BSP/STM32WLxx_Nucleo/stm32wlxx_nucleo.o
 .debug_ranges  0x0000000000000188       0x18 ./Drivers/CMSIS/system_stm32wlxx.o
 .debug_ranges  0x00000000000001a0      0x230 ./Drivers/STM32WLxx_HAL_Driver/stm32wlxx_hal.o
 .debug_ranges  0x00000000000003d0      0x108 ./Drivers/STM32WLxx_HAL_Driver/stm32wlxx_hal_cortex.o
 .debug_ranges  0x00000000000004d8       0x90 ./Drivers/STM32WLxx_HAL_Driver/stm32wlxx_hal_dma.o
 .debug_ranges  0x0000000000000568       0x50 ./Drivers/STM32WLxx_HAL_Driver/stm32wlxx_hal_exti.o
 .debug_ranges  0x00000000000005b8       0x48 ./Drivers/STM32WLxx_HAL_Driver/stm32wlxx_hal_gpio.o
 .debug_ranges  0x0000000000000600      0x280 ./Drivers/STM32WLxx_HAL_Driver/stm32wlxx_hal_i2c.o
 .debug_ranges  0x0000000000000880       0x38 ./Drivers/STM32WLxx_HAL_Driver/stm32wlxx_hal_i2c_ex.o
 .debug_ranges  0x00000000000008b8       0xb8 ./Drivers/STM32WLxx_HAL_Driver/stm32wlxx_hal_pwr.o
 .debug_ranges  0x0000000000000970      0x1f0 ./Drivers/STM32WLxx_HAL_Driver/stm32wlxx_hal_pwr_ex.o
 .debug_ranges  0x0000000000000b60      0x240 ./Drivers/STM32WLxx_HAL_Driver/stm32wlxx_hal_rcc.o
 .debug_ranges  0x0000000000000da0      0x1e8 ./Drivers/STM32WLxx_HAL_Driver/stm32wlxx_hal_rcc_ex.o

.debug_macro    0x0000000000000000    0x1b4c9
 .debug_macro   0x0000000000000000      0x23a ./Application/User/main.o
 .debug_macro   0x000000000000023a      0xaa8 ./Application/User/main.o
 .debug_macro   0x0000000000000ce2      0x11e ./Application/User/main.o
 .debug_macro   0x0000000000000e00       0x2e ./Application/User/main.o
 .debug_macro   0x0000000000000e2e       0x3a ./Application/User/main.o
 .debug_macro   0x0000000000000e68       0x22 ./Application/User/main.o
 .debug_macro   0x0000000000000e8a       0x8e ./Application/User/main.o
 .debug_macro   0x0000000000000f18       0x51 ./Application/User/main.o
 .debug_macro   0x0000000000000f69      0x103 ./Application/User/main.o
 .debug_macro   0x000000000000106c       0x6a ./Application/User/main.o
 .debug_macro   0x00000000000010d6      0x1df ./Application/User/main.o
 .debug_macro   0x00000000000012b5       0x1c ./Application/User/main.o
 .debug_macro   0x00000000000012d1       0x22 ./Application/User/main.o
 .debug_macro   0x00000000000012f3      0x101 ./Application/User/main.o
 .debug_macro   0x00000000000013f4     0x1011 ./Application/User/main.o
 .debug_macro   0x0000000000002405      0x11f ./Application/User/main.o
 .debug_macro   0x0000000000002524     0xf0dc ./Application/User/main.o
 .debug_macro   0x0000000000011600       0x43 ./Application/User/main.o
 .debug_macro   0x0000000000011643     0x33d5 ./Application/User/main.o
 .debug_macro   0x0000000000014a18      0x174 ./Application/User/main.o
 .debug_macro   0x0000000000014b8c       0x5c ./Application/User/main.o
 .debug_macro   0x0000000000014be8      0x417 ./Application/User/main.o
 .debug_macro   0x0000000000014fff      0x29c ./Application/User/main.o
 .debug_macro   0x000000000001529b      0x35a ./Application/User/main.o
 .debug_macro   0x00000000000155f5      0x197 ./Application/User/main.o
 .debug_macro   0x000000000001578c       0x4a ./Application/User/main.o
 .debug_macro   0x00000000000157d6      0x23d ./Application/User/main.o
 .debug_macro   0x0000000000015a13      0x229 ./Application/User/main.o
 .debug_macro   0x0000000000015c3c      0x3fa ./Application/User/main.o
 .debug_macro   0x0000000000016036       0x2e ./Application/User/main.o
 .debug_macro   0x0000000000016064      0x107 ./Application/User/main.o
 .debug_macro   0x000000000001616b      0x137 ./Application/User/main.o
 .debug_macro   0x00000000000162a2       0xe7 ./Application/User/main.o
 .debug_macro   0x0000000000016389      0x22c ./Application/User/main.o
 .debug_macro   0x00000000000165b5       0x52 ./Application/User/main.o
 .debug_macro   0x0000000000016607       0xa5 ./Application/User/main.o
 .debug_macro   0x00000000000166ac      0x283 ./Application/User/main.o
 .debug_macro   0x000000000001692f      0x133 ./Application/User/main.o
 .debug_macro   0x0000000000016a62      0x370 ./Application/User/main.o
 .debug_macro   0x0000000000016dd2      0x683 ./Application/User/main.o
 .debug_macro   0x0000000000017455      0x20e ./Application/User/main.o
 .debug_macro   0x0000000000017663      0xf42 ./Application/User/main.o
 .debug_macro   0x00000000000185a5      0x136 ./Application/User/main.o
 .debug_macro   0x00000000000186db      0x2d5 ./Application/User/main.o
 .debug_macro   0x00000000000189b0      0x45a ./Application/User/main.o
 .debug_macro   0x0000000000018e0a      0x3aa ./Application/User/main.o
 .debug_macro   0x00000000000191b4       0x52 ./Application/User/main.o
 .debug_macro   0x0000000000019206       0x2e ./Application/User/main.o
 .debug_macro   0x0000000000019234      0x12a ./Application/User/main.o
 .debug_macro   0x000000000001935e       0x1c ./Application/User/main.o
 .debug_macro   0x000000000001937a      0x23a ./Application/User/stm32wlxx_hal_msp.o
 .debug_macro   0x00000000000195b4      0x244 ./Application/User/stm32wlxx_it.o
 .debug_macro   0x00000000000197f8      0x231 ./Drivers/BSP/STM32WLxx_Nucleo/stm32wlxx_nucleo.o
 .debug_macro   0x0000000000019a29       0x28 ./Drivers/BSP/STM32WLxx_Nucleo/stm32wlxx_nucleo.o
 .debug_macro   0x0000000000019a51      0x20a ./Drivers/CMSIS/system_stm32wlxx.o
 .debug_macro   0x0000000000019c5b      0x22e ./Drivers/STM32WLxx_HAL_Driver/stm32wlxx_hal.o
 .debug_macro   0x0000000000019e89      0x20a ./Drivers/STM32WLxx_HAL_Driver/stm32wlxx_hal_cortex.o
 .debug_macro   0x000000000001a093      0x20a ./Drivers/STM32WLxx_HAL_Driver/stm32wlxx_hal_dma.o
 .debug_macro   0x000000000001a29d      0x216 ./Drivers/STM32WLxx_HAL_Driver/stm32wlxx_hal_exti.o
 .debug_macro   0x000000000001a4b3      0x23d ./Drivers/STM32WLxx_HAL_Driver/stm32wlxx_hal_gpio.o
 .debug_macro   0x000000000001a6f0      0x2cf ./Drivers/STM32WLxx_HAL_Driver/stm32wlxx_hal_i2c.o
 .debug_macro   0x000000000001a9bf      0x20a ./Drivers/STM32WLxx_HAL_Driver/stm32wlxx_hal_i2c_ex.o
 .debug_macro   0x000000000001abc9      0x264 ./Drivers/STM32WLxx_HAL_Driver/stm32wlxx_hal_pwr.o
 .debug_macro   0x000000000001ae2d      0x21c ./Drivers/STM32WLxx_HAL_Driver/stm32wlxx_hal_pwr_ex.o
 .debug_macro   0x000000000001b049      0x264 ./Drivers/STM32WLxx_HAL_Driver/stm32wlxx_hal_rcc.o
 .debug_macro   0x000000000001b2ad      0x21c ./Drivers/STM32WLxx_HAL_Driver/stm32wlxx_hal_rcc_ex.o

.comment        0x0000000000000000       0x53
 .comment       0x0000000000000000       0x53 ./Application/User/main.o
                                         0x54 (size before relaxing)
 .comment       0x0000000000000053       0x54 ./Application/User/stm32wlxx_hal_msp.o
 .comment       0x0000000000000053       0x54 ./Application/User/stm32wlxx_it.o
 .comment       0x0000000000000053       0x54 ./Drivers/BSP/STM32WLxx_Nucleo/stm32wlxx_nucleo.o
 .comment       0x0000000000000053       0x54 ./Drivers/CMSIS/system_stm32wlxx.o
 .comment       0x0000000000000053       0x54 ./Drivers/STM32WLxx_HAL_Driver/stm32wlxx_hal.o
 .comment       0x0000000000000053       0x54 ./Drivers/STM32WLxx_HAL_Driver/stm32wlxx_hal_cortex.o
 .comment       0x0000000000000053       0x54 ./Drivers/STM32WLxx_HAL_Driver/stm32wlxx_hal_dma.o
 .comment       0x0000000000000053       0x54 ./Drivers/STM32WLxx_HAL_Driver/stm32wlxx_hal_exti.o
 .comment       0x0000000000000053       0x54 ./Drivers/STM32WLxx_HAL_Driver/stm32wlxx_hal_gpio.o
 .comment       0x0000000000000053       0x54 ./Drivers/STM32WLxx_HAL_Driver/stm32wlxx_hal_i2c.o
 .comment       0x0000000000000053       0x54 ./Drivers/STM32WLxx_HAL_Driver/stm32wlxx_hal_i2c_ex.o
 .comment       0x0000000000000053       0x54 ./Drivers/STM32WLxx_HAL_Driver/stm32wlxx_hal_pwr.o
 .comment       0x0000000000000053       0x54 ./Drivers/STM32WLxx_HAL_Driver/stm32wlxx_hal_pwr_ex.o
 .comment       0x0000000000000053       0x54 ./Drivers/STM32WLxx_HAL_Driver/stm32wlxx_hal_rcc.o
 .comment       0x0000000000000053       0x54 ./Drivers/STM32WLxx_HAL_Driver/stm32wlxx_hal_rcc_ex.o

.debug_frame    0x0000000000000000     0x43d8
 .debug_frame   0x0000000000000000      0x1ac ./Application/User/main.o
 .debug_frame   0x00000000000001ac       0xf0 ./Application/User/stm32wlxx_hal_msp.o
 .debug_frame   0x000000000000029c       0xdc ./Application/User/stm32wlxx_it.o
 .debug_frame   0x0000000000000378      0x23c ./Drivers/BSP/STM32WLxx_Nucleo/stm32wlxx_nucleo.o
 .debug_frame   0x00000000000005b4       0x58 ./Drivers/CMSIS/system_stm32wlxx.o
 .debug_frame   0x000000000000060c      0x948 ./Drivers/STM32WLxx_HAL_Driver/stm32wlxx_hal.o
 .debug_frame   0x0000000000000f54      0x498 ./Drivers/STM32WLxx_HAL_Driver/stm32wlxx_hal_cortex.o
 .debug_frame   0x00000000000013ec      0x29c ./Drivers/STM32WLxx_HAL_Driver/stm32wlxx_hal_dma.o
 .debug_frame   0x0000000000001688      0x174 ./Drivers/STM32WLxx_HAL_Driver/stm32wlxx_hal_exti.o
 .debug_frame   0x00000000000017fc      0x14c ./Drivers/STM32WLxx_HAL_Driver/stm32wlxx_hal_gpio.o
 .debug_frame   0x0000000000001948      0xbe8 ./Drivers/STM32WLxx_HAL_Driver/stm32wlxx_hal_i2c.o
 .debug_frame   0x0000000000002530      0x100 ./Drivers/STM32WLxx_HAL_Driver/stm32wlxx_hal_i2c_ex.o
 .debug_frame   0x0000000000002630      0x31c ./Drivers/STM32WLxx_HAL_Driver/stm32wlxx_hal_pwr.o
 .debug_frame   0x000000000000294c      0x894 ./Drivers/STM32WLxx_HAL_Driver/stm32wlxx_hal_pwr_ex.o
 .debug_frame   0x00000000000031e0      0x974 ./Drivers/STM32WLxx_HAL_Driver/stm32wlxx_hal_rcc.o
 .debug_frame   0x0000000000003b54      0x838 ./Drivers/STM32WLxx_HAL_Driver/stm32wlxx_hal_rcc_ex.o
 .debug_frame   0x000000000000438c       0x2c k:/stm32cube/stm32cubeide_1.7.0/stm32cubeide/plugins/com.st.stm32cube.ide.mcu.externaltools.gnu-tools-for-stm32.9-2020-q2-update.win32_2.0.0.202105311346/tools/bin/../lib/gcc/arm-none-eabi/9.3.1/../../../../arm-none-eabi/lib/thumb/v7e-m/nofp\libc_nano.a(lib_a-init.o)
 .debug_frame   0x00000000000043b8       0x20 k:/stm32cube/stm32cubeide_1.7.0/stm32cubeide/plugins/com.st.stm32cube.ide.mcu.externaltools.gnu-tools-for-stm32.9-2020-q2-update.win32_2.0.0.202105311346/tools/bin/../lib/gcc/arm-none-eabi/9.3.1/../../../../arm-none-eabi/lib/thumb/v7e-m/nofp\libc_nano.a(lib_a-memset.o)
