stm32wlxx_ll_bus.h:287:22:LL_AHB1_GRP1_EnableClock	24	static
stm32wlxx_ll_bus.h:449:22:LL_AHB2_GRP1_EnableClock	24	static
main.c:79:5:main	8	static
main.c:274:6:SystemClock_Config	112	static
main.c:315:13:MX_I2C1_Init	8	static
main.c:362:13:MX_DMA_Init	8	static
main.c:384:13:MX_GPIO_Init	8	static
main.c:400:17:Buffercmp	24	static
main.c:429:6:HAL_I2C_SlaveTxCpltCallback	16	static
main.c:450:6:HAL_I2C_SlaveRxCpltCallback	16	static
main.c:464:6:HAL_I2C_ErrorCallback	16	static
main.c:486:6:Error_Handler	8	static
