stm32wlxx_ll_bus.h:449:22:LL_AHB2_GRP1_EnableClock	24	static
main.c:83:5:main	8	static
main.c:291:6:SystemClock_Config	112	static
main.c:332:13:MX_I2C1_Init	8	static
main.c:381:13:MX_GPIO_Init	8	static
main.c:404:6:HAL_I2C_SlaveTxCpltCallback	16	static
main.c:428:6:HAL_I2C_SlaveRxCpltCallback	16	static
main.c:447:6:HAL_I2C_AddrCallback	16	static
main.c:458:6:HAL_I2C_ListenCpltCallback	16	static
main.c:470:6:HAL_I2C_ErrorCallback	16	static
main.c:492:17:Buffercmp	24	static
main.c:512:6:Error_Handler	8	static
